// Jest Snapshot v1, https://goo.gl/fbAQLP

exports[`renders correctly 1`] = `
<RCTSafeAreaView
  emulateUnlessSupported={true}
  style={
    Object {
      "backgroundColor": "white",
      "flex": 1,
      "margin": 25,
    }
  }
>
  <RCTScrollView>
    <View>
      <View
        style={
          Object {
            "flex": 1,
            "marginTop": 100,
          }
        }
      >
        <View
          style={
            Array [
              Object {
                "backgroundColor": "white",
                "flex": 1,
                "margin": 25,
              },
            ]
          }
        >
          <View
            style={
              Object {
                "flex": 1,
                "flexDirection": "row",
                "flexWrap": "wrap",
                "padding": "5%",
              }
            }
          >
            <View
              style={
                Object {
                  "width": "50%",
                }
              }
            >
              <Text
                style={
                  Object {
                    "color": "black",
                    "fontSize": 21,
                  }
                }
              >
                User Balance : 
              </Text>
            </View>
            <View
              style={
                Object {
                  "width": "50%",
                }
              }
            >
              <Text
                style={
                  Object {
                    "fontSize": 20,
                    "padding": 1,
                  }
                }
              >
                NaN
                 ETH 
              </Text>
            </View>
          </View>
          <View
            style={
              Object {
                "marginTop": 50,
                "padding": 10,
              }
            }
          >
            <View
              style={
                Object {
                  "flex": 1,
                  "flexDirection": "row",
                  "justifyContent": "space-around",
                  "padding": 10,
                }
              }
            >
              <ActivityIndicator
                animating={false}
                color="blue"
                hidesWhenStopped={true}
                size="large"
              />
            </View>
            <Text
              style={
                Object {
                  "alignSelf": "auto",
                  "color": "black",
                  "fontSize": 36,
                  "marginBottom": 25,
                  "textAlign": "center",
                }
              }
            >
               Send to User 
            </Text>
            <TextInput
              allowFontScaling={true}
              onBlur={[Function]}
              onChangeText={[Function]}
              placeholder="Enter Recipient Address"
              placeholderTextColor="black"
              rejectResponderTermination={true}
              style={
                Object {
                  "borderBottomColor": "white",
                  "borderBottomWidth": 2,
                  "color": "black",
                  "marginBottom": 25,
                }
              }
              underlineColorAndroid="transparent"
              value=""
            />
            <TextInput
              allowFontScaling={true}
              onBlur={[Function]}
              onChangeText={[Function]}
              placeholder="Enter Amount"
              placeholderTextColor="black"
              rejectResponderTermination={true}
              style={
                Object {
                  "borderBottomColor": "white",
                  "borderBottomWidth": 2,
                  "color": "black",
                  "marginBottom": 25,
                }
              }
              underlineColorAndroid="transparent"
              value=""
            />
            <View
              accessibilityRole="button"
              accessibilityState={Object {}}
              accessible={true}
              focusable={true}
              onClick={[Function]}
              onResponderGrant={[Function]}
              onResponderMove={[Function]}
              onResponderRelease={[Function]}
              onResponderTerminate={[Function]}
              onResponderTerminationRequest={[Function]}
              onStartShouldSetResponder={[Function]}
              style={
                Object {
                  "opacity": 1,
                }
              }
            >
              <View
                style={
                  Array [
                    Object {},
                  ]
                }
              >
                <Text
                  style={
                    Array [
                      Object {
                        "color": "#007AFF",
                        "fontSize": 18,
                        "margin": 8,
                        "textAlign": "center",
                      },
                    ]
                  }
                >
                  Submit
                </Text>
              </View>
            </View>
          </View>
        </View>
      </View>
    </View>
  </RCTScrollView>
</RCTSafeAreaView>
`;
